// Jest Snapshot v1, https://goo.gl/fbAQLP

exports[`matches snapshot 1`] = `
<DocumentFragment>
  <div
    class="sc-eWnToP fcnWwj"
  >
    <h1
      class="sc-fWWYYk cwzJaj"
    >
      Contact Me
    </h1>
    <p
      class="sc-kTCsyW dPjXRO"
    >
      Want to inquire about a mural? Anything else you'd like to tell me? Send me a message below!
    </p>
    <form
      class="sc-csTbgd eMjUXy"
    >
      <div />
      <label
        class="sc-dFRpbK kbcGVL"
        for="name"
      >
        Name:
      </label>
      <input
        class="sc-bsatvv ezNTPM"
        id="name"
        name="name"
        placeholder="Name"
        type="text"
      />
      <label
        class="sc-dFRpbK kbcGVL"
        for="email"
      >
        Email:
      </label>
      <input
        class="sc-bsatvv ezNTPM"
        id="email"
        name="email"
        placeholder="Email:"
        type="text"
      />
      <label
        class="sc-dFRpbK kbcGVL"
        for="message"
      >
        Message:
      </label>
      <textarea
        class="sc-gIvpjk dwxvzk"
        id="message"
        maxlength="200"
        name="message"
        placeholder="Message"
        rows="4"
      />
      <button
        class="sc-euEtCV kgFXAJ"
        type="submit"
      >
        Submit
      </button>
    </form>
  </div>
</DocumentFragment>
`;
