// Jest Snapshot v1, https://goo.gl/fbAQLP

exports[`matches snapshot 1`] = `
<DocumentFragment>
  <div
    class="sc-eWnToP fcnWwj"
  >
    <h1
      class="sc-fWWYYk cwzJaj"
    >
      Contact Me
    </h1>
    <p
      class="sc-kTCsyW igGrGt"
    >
      Thank you for your message! I've got it saved and I'll reply just as soon as I get all this paint off my hands!
    </p>
    <button
      class="sc-fXgAZx fGPCkt"
    >
      <i
        class="fas fa-long-arrow-alt-left"
      />
      Back
    </button>
    <img
      alt="Envelope with dried flowers on a table"
      class="sc-dvUynV lleqec"
      src="jess-moe-PbUzvmAmXmk-unsplash.jpg"
    />
  </div>
</DocumentFragment>
`;
