// Jest Snapshot v1, https://goo.gl/fbAQLP

exports[`matches snapshot 1`] = `
<DocumentFragment>
  .c0 {
  display: none;
  background-color: #ffffff;
  min-height: calc(100vh - 60px);
  height: fill;
  width: 300px;
  -webkit-align-self: stretch;
  -ms-flex-item-align: stretch;
  align-self: stretch;
  border-right: 2px solid #207070;
}

.c1 {
  font-family: "News Cycle",sans-serif;
  font-size: 1.4rem;
  -webkit-letter-spacing: 1px;
  -moz-letter-spacing: 1px;
  -ms-letter-spacing: 1px;
  letter-spacing: 1px;
  padding: 1rem 1rem;
  border-bottom: 1px solid #207070;
}

.c1.active {
  font-weight: 700;
  color: #ffffff;
  background-color: #a1c9c9;
  border-left: 4px solid #207070;
  cursor: auto;
}

.c1:hover:not(.active) {
  background-color: rgba(161,201,197,0.3);
}

@media screen and (min-width:1024px) {
  .c0 {
    display: -webkit-box;
    display: -webkit-flex;
    display: -ms-flexbox;
    display: flex;
  }
}

@media screen and (min-width:1024px) {
  .c0 {
    -webkit-flex-direction: column;
    -ms-flex-direction: column;
    flex-direction: column;
  }
}

<nav
    class="c0"
  >
    <a
      class="c1"
      href="/admin/dashboard"
    >
      <i
        class="fas fa-home"
      />
       Dashboard
    </a>
    <a
      class="c1"
      href="/admin/murals"
    >
      <i
        class="fas fa-paint-roller"
      />
       Murals
    </a>
    <a
      class="c1"
      href="/admin/messages"
    >
      <i
        class="far fa-envelope"
      />
       Messages
    </a>
    <a
      class="c1"
      href="/admin/items"
    >
      <i
        class="fas fa-tag"
      />
       Store Items
    </a>
    <a
      class="c1"
      href="/admin/orders"
    >
      <i
        class="fas fa-truck"
      />
       Orders
    </a>
  </nav>
</DocumentFragment>
`;
