// Jest Snapshot v1, https://goo.gl/fbAQLP

exports[`matches snapshot 1`] = `
<DocumentFragment>
  <form
    class="sc-bdnxRM ldaBFk"
  >
    <div />
    <label
      class="sc-gtsrHT iZAmyw"
      for="name"
    >
      Name:
    </label>
    <input
      class="sc-dlnjwi jaAlIe"
      id="name"
      name="name"
      placeholder="Name"
      type="text"
    />
    <label
      class="sc-gtsrHT iZAmyw"
      for="email"
    >
      Email:
    </label>
    <input
      class="sc-dlnjwi jaAlIe"
      id="email"
      name="email"
      placeholder="Email:"
      type="text"
    />
    <label
      class="sc-gtsrHT iZAmyw"
      for="message"
    >
      Message:
    </label>
    <textarea
      class="sc-hKFxyN knjKLj"
      id="message"
      maxlength="200"
      name="message"
      placeholder="Message"
      rows="4"
    />
    <button
      class="sc-eCApnc jEfDBP"
      type="submit"
    >
      Submit
    </button>
  </form>
</DocumentFragment>
`;
