// Jest Snapshot v1, https://goo.gl/fbAQLP

exports[`matches snapshot 1`] = `
<DocumentFragment>
  <div
    class="sc-bdnxRM bEPPyi"
  >
    <img
      class="sc-gtsrHT hQtePG"
    />
    <div
      class="sc-dlnjwi jTWZkz"
    >
      <p
        class="sc-hKFxyN fjSfXV"
      >
        See what's new in the store!
      </p>
    </div>
  </div>
</DocumentFragment>
`;
