// Jest Snapshot v1, https://goo.gl/fbAQLP

exports[`matches snapshot 1`] = `
<DocumentFragment>
  .c3 {
  font-family: "News Cycle",sans-serif;
  font-weight: 400;
  font-size: 1.4rem;
  -webkit-letter-spacing: 2px;
  -moz-letter-spacing: 2px;
  -ms-letter-spacing: 2px;
  letter-spacing: 2px;
}

.c3:hover:not(.active) {
  -webkit-transform: translateY(-1px);
  -ms-transform: translateY(-1px);
  transform: translateY(-1px);
}

.c3.active {
  font-weight: 700;
  color: #207070;
}

.c2 {
  display: none;
  -webkit-align-items: center;
  -webkit-box-align: center;
  -ms-flex-align: center;
  align-items: center;
  -webkit-box-pack: justify;
  -webkit-justify-content: space-between;
  -ms-flex-pack: justify;
  justify-content: space-between;
  padding-bottom: 1rem;
  width: 55%;
}

.c0 {
  display: -webkit-box;
  display: -webkit-flex;
  display: -ms-flexbox;
  display: flex;
  -webkit-flex-direction: column;
  -ms-flex-direction: column;
  flex-direction: column;
  -webkit-align-items: center;
  -webkit-box-align: center;
  -ms-flex-align: center;
  align-items: center;
  margin-top: 1rem;
}

.c1 {
  width: 250px;
  height: 250px;
}

@media screen and (min-width:1024px) {
  .c2 {
    display: -webkit-box;
    display: -webkit-flex;
    display: -ms-flexbox;
    display: flex;
  }
}

@media screen and (min-width:1024px) {
  .c0 {
    margin-top: 0;
  }
}

@media screen and (min-width:414px) {
  .c1 {
    width: 300px;
  }
}

@media screen and (min-width:768px) {
  .c1 {
    width: 350px;
  }
}

@media screen and (min-width:414px) {
  .c1 {
    height: 300px;
  }
}

@media screen and (min-width:768px) {
  .c1 {
    height: 350px;
  }
}

<div
    class="c0"
  >
    <a
      href="/"
    >
      <img
        alt="Painting Joy Mural Co. Logo"
        class="c1"
        src="painting-joy-logo-transparent.png"
      />
    </a>
    <nav
      class="c2"
    >
      <a
        aria-current="page"
        class="c3 active"
        href="/"
      >
        Home
      </a>
      <a
        class="c3"
        href="/murals"
      >
        Murals
      </a>
      <a
        class="c3"
        href="/contact"
      >
        Contact
      </a>
      <a
        class="c3"
        href="/store"
      >
        Store
      </a>
      <a
        class="c3"
        href="/cart"
      >
        Cart (0)
      </a>
    </nav>
  </div>
</DocumentFragment>
`;
